Flutter crash report.
Please report a bug at https://github.com/flutter/flutter/issues.

## command

flutter run -d emulator-5554

## exception

ProcessException: ProcessException: An Application Control policy has blocked this file (at ../../runtime/bin/process_win.cc:577)
  Command: C:\Users\SuperAmol\flutter\bin\cache\dart-sdk\bin\dartaotruntime.exe C:\Users\SuperAmol\flutter\bin\cache\dart-sdk\bin\snapshots\frontend_server_aot.dart.snapshot --sdk-root C:\Users\SuperAmol\flutter\bin\cache\artifacts\engine\common\flutter_patched_sdk/ --incremental --target=flutter --experimental-emit-debug-metadata -DFLUTTER_VERSION=3.41.0-1.0.pre-250 -DFLUTTER_CHANNEL=master -DFLUTTER_GIT_URL=https://github.com/flutter/flutter.git -DFLUTTER_FRAMEWORK_REVISION=72321c82f9 -DFLUTTER_ENGINE_REVISION=5f58fad42f "-DFLUTTER_DART_VERSION=3.12.0 (build 3.12.0-63.0.dev)" --output-dill C:\Users\SUPERA~1\AppData\Local\Temp\flutter_tools.16fafe31\flutter_tool.41836829\app.dill --packages D:\Coding\PIATRA\mobile_app\.dart_tool\package_config.json -Ddart.vm.profile=false -Ddart.vm.product=false --enable-asserts --track-widget-creation --filesystem-scheme org-dartlang-root --initialize-from-dill build\4903a00c77cc063452a6c9ae670ea344.cache.dill.track.dill --source file:///D:/Coding/PIATRA/mobile_app/.dart_tool/flutter_build/dart_plugin_registrant.dart --source package:flutter/src/dart_plugin_registrant.dart -Dflutter.dart_plugin_registrant=file:///D:/Coding/PIATRA/mobile_app/.dart_tool/flutter_build/dart_plugin_registrant.dart --verbosity=error --enable-experiment=alternative-invalidation-strategy

```
#0      _ProcessImpl._start (dart:io-patch/process_patch.dart:411:33)
#1      Process.start (dart:io-patch/process_patch.dart:42:20)
#2      LocalProcessManager.start (package:process/src/interface/local_process_manager.dart:42:22)
#3      ErrorHandlingProcessManager.start.<anonymous closure> (package:flutter_tools/src/base/error_handling_io.dart:654:26)
#4      _run (package:flutter_tools/src/base/error_handling_io.dart:514:20)
#5      ErrorHandlingProcessManager.start (package:flutter_tools/src/base/error_handling_io.dart:652:12)
#6      DefaultResidentCompiler._compile (package:flutter_tools/src/compile.dart:917:37)
#7      DefaultResidentCompiler._recompile (package:flutter_tools/src/compile.dart:788:14)
#8      _RecompileRequest._run (package:flutter_tools/src/compile.dart:437:84)
#9      _CompilationRequest.run (package:flutter_tools/src/compile.dart:410:30)
#10     DefaultResidentCompiler._handleCompilationRequest (package:flutter_tools/src/compile.dart:839:23)
#11     _rootRunUnary (dart:async/zone_root.dart:48:47)
#12     _CustomZone.runUnary (dart:async/zone.dart:733:19)
#13     _CustomZone.runUnaryGuarded (dart:async/zone.dart:633:7)
#14     _BufferingStreamSubscription._sendData (dart:async/stream_impl.dart:381:11)
#15     _DelayedData.perform (dart:async/stream_impl.dart:573:14)
#16     _PendingEvents.handleNext (dart:async/stream_impl.dart:678:11)
#17     _PendingEvents.schedule.<anonymous closure> (dart:async/stream_impl.dart:649:7)
#18     _rootRun (dart:async/zone_root.dart:27:47)
#19     _CustomZone.run (dart:async/zone.dart:726:19)
#20     _CustomZone.runGuarded (dart:async/zone.dart:625:7)
#21     _CustomZone.bindCallbackGuarded.<anonymous closure> (dart:async/zone.dart:666:23)
#22     _rootRun (dart:async/zone_root.dart:35:13)
#23     _CustomZone.run (dart:async/zone.dart:726:19)
#24     _CustomZone.runGuarded (dart:async/zone.dart:625:7)
#25     _CustomZone.bindCallbackGuarded.<anonymous closure> (dart:async/zone.dart:666:23)
#26     _microtaskLoop (dart:async/schedule_microtask.dart:40:35)
#27     _startMicrotaskLoop (dart:async/schedule_microtask.dart:49:5)
#28     _runPendingImmediateCallback (dart:isolate-patch/isolate_patch.dart:127:13)
#29     _RawReceivePort._handleMessage (dart:isolate-patch/isolate_patch.dart:194:5)
```

## flutter doctor

```
[32m[✓][39m Flutter (Channel master, 3.43.0-0.3.pre, on Microsoft Windows [Version 10.0.26200.7623], locale en-CA) [3.1s]
    [32m•[39m Flutter version 3.43.0-0.3.pre on channel master at C:\Users\SuperAmol\flutter
    [32m•[39m Upstream repository https://github.com/flutter/flutter.git
    [32m•[39m Framework revision 72321c82f9 (10 weeks ago), 2026-01-23 18:29:21 +0100
    [32m•[39m Engine revision 5f58fad42f
    [32m•[39m Dart version 3.12.0 (build 3.12.0-63.0.dev)
    [32m•[39m DevTools version 2.54.0
    [32m•[39m Feature flags: enable-web, enable-linux-desktop, enable-macos-desktop, enable-windows-desktop, enable-android,
      enable-ios, cli-animations, enable-native-assets, omit-legacy-version-file, enable-lldb-debugging,
      enable-uiscene-migration, enable-riscv64

[32m[✓][39m Windows Version (Windows 11 or higher, 25H2, 2009) [3.2s]

[33m[!][39m Android toolchain - develop for Android devices (Android SDK version 36.1.0) [4.3s]
    [32m•[39m Android SDK at C:\Users\SuperAmol\AppData\Local\Android\sdk
    [32m•[39m Emulator version 36.3.10.0 (build_id 14472402) (CL:N/A)
    [31m✗[39m cmdline-tools component is missing.
      Try installing or updating Android Studio.
      Alternatively, download the tools from https://developer.android.com/studio#command-line-tools-only and make sure to
      set the ANDROID_HOME environment variable.
      See https://developer.android.com/studio/command-line for more details.
    [31m✗[39m Android license status unknown.
      Run `flutter doctor --android-licenses` to accept the SDK licenses.
      See https://flutter.dev/to/windows-android-setup for more details.

[31m[✗][39m Chrome - develop for the web (Cannot find Chrome executable at .\Google\Chrome\Application\chrome.exe) [727ms]
    [33m![39m Cannot find Chrome. Try setting CHROME_EXECUTABLE to a Chrome executable.

[33m[!][39m Visual Studio - develop Windows apps (Visual Studio Build Tools 2022 17.14.23) [726ms]
    [32m•[39m Visual Studio at C:\Program Files (x86)\Microsoft Visual Studio\2022\BuildTools
    [32m•[39m Visual Studio Build Tools 2022 version 17.14.36811.4
    [32m•[39m Windows 10 SDK version 10.0.26100.0
    [31m✗[39m The current Visual Studio installation is incomplete.
      Please use Visual Studio Installer to complete the installation or reinstall Visual Studio.

[32m[✓][39m Connected device (3 available) [599ms]
    [32m•[39m sdk gphone64 x86 64 (mobile) • emulator-5554 • android-x64    • Android 16 (API 36) (emulator)
    [32m•[39m Windows (desktop)            • windows       • windows-x64    • Microsoft Windows [Version 10.0.26200.7623]
    [32m•[39m Edge (web)                   • edge          • web-javascript • Microsoft Edge 146.0.3856.72

[32m[✓][39m Network resources [698ms]
    [32m•[39m All expected network resources are available.

[33m![39m Doctor found issues in 3 categories.
```
